title = "gitleaks config"

[allowlist]
description = "global allow lists"
paths = [
    '''gitleaks.toml''',
    '''vendor''',
]
